// Jest Snapshot v1, https://goo.gl/fbAQLP

exports[`should render add invoice 1`] = `
<div>
  <h1>
    Invoice Form
  </h1>
  <InvoiceForm
    onSubmit={[Function]}
  />
</div>
`;
