// Jest Snapshot v1, https://goo.gl/fbAQLP

exports[`should render Invoice App page  1`] = `
<div>
  <Connect(InvoicesSummary) />
  <Connect(InvoiceFilters) />
  <Connect(Invoices) />
</div>
`;
