// Jest Snapshot v1, https://goo.gl/fbAQLP

exports[`should render individual invoice items 1`] = `
<div>
  <Link
    replace={false}
    to="/edit/undefined"
  >
    <h3 />
  </Link>
  <p>
    $0.00
     -
    January 1st, 1970
  </p>
</div>
`;
